components/CourseHierarchy.tsx(59,98): error TS2345: Argument of type 'string | null' is not assignable to parameter of type 'string | number | boolean'.
  Type 'null' is not assignable to type 'string | number | boolean'.
